  Renderer.cpp
C:\Users\이진수\Documents\대학 수업 자료 및 과제\전공\2026 1학기 셰이더프로그래밍\2026-1-ShaderProgramming\BaseProject\SimpleGame\Renderer.cpp(1,1): warning C4819: 현재 코드 페이지(949)에서 표시할 수 없는 문자가 파일에 들어 있습니다. 데이터가 손실되지 않게 하려면 해당 파일을 유니코드 형식으로 저장하십시오.
C:\Users\이진수\Documents\대학 수업 자료 및 과제\전공\2026 1학기 셰이더프로그래밍\2026-1-ShaderProgramming\BaseProject\SimpleGame\Renderer.cpp(107,56): warning C4244: '인수': 'GLuint'에서 'GLfloat'(으)로 변환하면서 데이터가 손실될 수 있습니다.
  (소스 파일 '/Renderer.cpp'을(를) 컴파일하는 중)
  
C:\Users\이진수\Documents\대학 수업 자료 및 과제\전공\2026 1학기 셰이더프로그래밍\2026-1-ShaderProgramming\BaseProject\SimpleGame\Renderer.cpp(108,56): warning C4244: '인수': 'GLuint'에서 'GLfloat'(으)로 변환하면서 데이터가 손실될 수 있습니다.
  (소스 파일 '/Renderer.cpp'을(를) 컴파일하는 중)
  
C:\Users\이진수\Documents\대학 수업 자료 및 과제\전공\2026 1학기 셰이더프로그래밍\2026-1-ShaderProgramming\BaseProject\SimpleGame\Renderer.cpp(128,13): warning C4305: '초기화 중': 'double'에서 'float'(으)로 잘립니다.
  (소스 파일 '/Renderer.cpp'을(를) 컴파일하는 중)
  
C:\Users\이진수\Documents\대학 수업 자료 및 과제\전공\2026 1학기 셰이더프로그래밍\2026-1-ShaderProgramming\BaseProject\SimpleGame\Renderer.cpp(234,21): warning C4267: '=': 'size_t'에서 'GLint'(으)로 변환하면서 데이터가 손실될 수 있습니다.
  (소스 파일 '/Renderer.cpp'을(를) 컴파일하는 중)
  
C:\Users\이진수\Documents\대학 수업 자료 및 과제\전공\2026 1학기 셰이더프로그래밍\2026-1-ShaderProgramming\BaseProject\SimpleGame\Renderer.cpp(359,12): warning C4305: '+=': 'double'에서 'float'(으)로 잘립니다.
  (소스 파일 '/Renderer.cpp'을(를) 컴파일하는 중)
  
C:\Users\이진수\Documents\대학 수업 자료 및 과제\전공\2026 1학기 셰이더프로그래밍\2026-1-ShaderProgramming\BaseProject\SimpleGame\Renderer.cpp(465,12): warning C4305: '+=': 'double'에서 'float'(으)로 잘립니다.
  (소스 파일 '/Renderer.cpp'을(를) 컴파일하는 중)
  
C:\Users\이진수\Documents\대학 수업 자료 및 과제\전공\2026 1학기 셰이더프로그래밍\2026-1-ShaderProgramming\BaseProject\SimpleGame\Renderer.cpp(621,12): warning C4305: '+=': 'double'에서 'float'(으)로 잘립니다.
  (소스 파일 '/Renderer.cpp'을(를) 컴파일하는 중)
  
C:\Users\이진수\Documents\대학 수업 자료 및 과제\전공\2026 1학기 셰이더프로그래밍\2026-1-ShaderProgramming\BaseProject\SimpleGame\Renderer.cpp(640,36): warning C4305: '인수': 'double'에서 'float'(으)로 잘립니다.
  (소스 파일 '/Renderer.cpp'을(를) 컴파일하는 중)
  
C:\Users\이진수\Documents\대학 수업 자료 및 과제\전공\2026 1학기 셰이더프로그래밍\2026-1-ShaderProgramming\BaseProject\SimpleGame\Renderer.cpp(825,38): warning C4305: '인수': 'double'에서 'float'(으)로 잘립니다.
  (소스 파일 '/Renderer.cpp'을(를) 컴파일하는 중)
  
C:\Users\이진수\Documents\대학 수업 자료 및 과제\전공\2026 1학기 셰이더프로그래밍\2026-1-ShaderProgramming\BaseProject\SimpleGame\Renderer.cpp(826,36): warning C4305: '인수': 'double'에서 'float'(으)로 잘립니다.
  (소스 파일 '/Renderer.cpp'을(를) 컴파일하는 중)
  
C:\Users\이진수\Documents\대학 수업 자료 및 과제\전공\2026 1학기 셰이더프로그래밍\2026-1-ShaderProgramming\BaseProject\SimpleGame\Renderer.cpp(827,38): warning C4305: '인수': 'double'에서 'float'(으)로 잘립니다.
  (소스 파일 '/Renderer.cpp'을(를) 컴파일하는 중)
  
C:\Users\이진수\Documents\대학 수업 자료 및 과제\전공\2026 1학기 셰이더프로그래밍\2026-1-ShaderProgramming\BaseProject\SimpleGame\Renderer.cpp(848,43): warning C4305: '인수': 'double'에서 'float'(으)로 잘립니다.
  (소스 파일 '/Renderer.cpp'을(를) 컴파일하는 중)
  
C:\Users\이진수\Documents\대학 수업 자료 및 과제\전공\2026 1학기 셰이더프로그래밍\2026-1-ShaderProgramming\BaseProject\SimpleGame\Renderer.cpp(849,42): warning C4305: '인수': 'double'에서 'float'(으)로 잘립니다.
  (소스 파일 '/Renderer.cpp'을(를) 컴파일하는 중)
  
C:\Users\이진수\Documents\대학 수업 자료 및 과제\전공\2026 1학기 셰이더프로그래밍\2026-1-ShaderProgramming\BaseProject\SimpleGame\Renderer.cpp(850,42): warning C4305: '인수': 'double'에서 'float'(으)로 잘립니다.
  (소스 파일 '/Renderer.cpp'을(를) 컴파일하는 중)
  
  SimpleGame.cpp
  코드를 생성하고 있습니다...
  SimpleGame.vcxproj -> C:\Users\이진수\Documents\대학 수업 자료 및 과제\전공\2026 1학기 셰이더프로그래밍\2026-1-ShaderProgramming\BaseProject\x64\Debug\SimpleGame.exe
